--- a/deploy/app.yaml
+++ b/deploy/app.yaml
@@ -8,4 +8,4 @@
       containers:
       - name: c
         image: docker.io/prom/prometheus@sha256:aaaaaaaaaaaaaaaaaaaaaaaaaaaaaaaaaaaaaaaaaaaaaaaaaaaaaaaaaaaaaaaa
-        args: [--storage.tsdb.retention=1d]
+        args: [--storage.tsdb.retention.time=1d]
