--- a/manifests/cron.yaml
+++ b/manifests/cron.yaml
@@ -1,4 +1,4 @@
-apiVersion: batch/v1beta1
+apiVersion: batch/v1
 kind: CronJob
 metadata:
   name: a
@@ -14,6 +14,6 @@
 spec:
   schedule: "* * * * *"
 ---
-apiVersion: batch/v1beta1 # second
+apiVersion: batch/v1 # second
 kind: CronJob
 metadata: {name: b, labels: {one: x}}
